[ WARN:0] global /home/nvidia/host/build_opencv/nv_opencv/modules/videoio/src/cap_gstreamer.cpp (933) open OpenCV | GStreamer warning: Cannot query video position: status=0, value=-1, duration=-1
[ WARN:0] global /home/nvidia/host/build_opencv/nv_opencv/modules/videoio/src/cap_gstreamer.cpp (1184) setProperty OpenCV | GStreamer warning: GStreamer: unhandled property
Gtk-Message: 21:22:14.165: Failed to load module "canberra-gtk-module"
vision_progress frame=30 capture_ms=12.498 gpu_ms=10.179 post_ms=0.596 total_ms=31.882 fps_avg=36.105 det=0
vision_progress frame=60 capture_ms=12.419 gpu_ms=10.152 post_ms=0.600 total_ms=31.755 fps_avg=32.825 det=0
vision_progress frame=90 capture_ms=16.346 gpu_ms=10.166 post_ms=0.609 total_ms=35.661 fps_avg=32.963 det=0
vision_progress frame=120 capture_ms=16.254 gpu_ms=10.124 post_ms=0.606 total_ms=35.491 fps_avg=32.893 det=0
vision_progress frame=150 capture_ms=12.377 gpu_ms=10.268 post_ms=0.610 total_ms=31.806 fps_avg=33.070 det=0
vision_progress frame=180 capture_ms=12.445 gpu_ms=10.145 post_ms=0.599 total_ms=31.875 fps_avg=32.938 det=0
vision_progress frame=210 capture_ms=16.310 gpu_ms=10.141 post_ms=0.604 total_ms=35.574 fps_avg=33.001 det=0
vision_progress frame=240 capture_ms=12.470 gpu_ms=10.109 post_ms=0.602 total_ms=31.834 fps_avg=32.969 det=0
vision_progress frame=270 capture_ms=12.787 gpu_ms=10.203 post_ms=0.603 total_ms=32.162 fps_avg=32.931 det=0
vision_progress frame=300 capture_ms=12.441 gpu_ms=10.200 post_ms=0.607 total_ms=31.782 fps_avg=32.828 det=0
vision_progress frame=330 capture_ms=15.997 gpu_ms=10.147 post_ms=0.607 total_ms=35.661 fps_avg=32.992 det=0
vision_progress frame=360 capture_ms=12.288 gpu_ms=10.147 post_ms=0.603 total_ms=32.094 fps_avg=32.995 det=0
vision_progress frame=390 capture_ms=8.534 gpu_ms=10.110 post_ms=0.617 total_ms=27.907 fps_avg=33.131 det=0
vision_progress frame=420 capture_ms=12.512 gpu_ms=10.111 post_ms=0.610 total_ms=31.843 fps_avg=32.808 det=0
vision_progress frame=450 capture_ms=15.736 gpu_ms=10.161 post_ms=0.608 total_ms=35.223 fps_avg=32.819 det=0
vision_progress frame=480 capture_ms=12.214 gpu_ms=10.281 post_ms=0.598 total_ms=31.831 fps_avg=33.157 det=0
vision_progress frame=510 capture_ms=12.497 gpu_ms=10.269 post_ms=0.609 total_ms=32.210 fps_avg=32.844 det=0
vision_progress frame=540 capture_ms=11.185 gpu_ms=10.187 post_ms=1.730 total_ms=31.833 fps_avg=33.197 det=1
vision_progress frame=570 capture_ms=14.482 gpu_ms=10.177 post_ms=1.759 total_ms=35.101 fps_avg=32.824 det=1
vision_progress frame=600 capture_ms=10.529 gpu_ms=10.098 post_ms=1.751 total_ms=31.061 fps_avg=33.207 det=1
vision_progress frame=630 capture_ms=11.411 gpu_ms=10.210 post_ms=1.712 total_ms=32.009 fps_avg=32.794 det=1
vision_progress frame=660 capture_ms=11.067 gpu_ms=10.296 post_ms=0.605 total_ms=30.965 fps_avg=32.980 det=0
vision_progress frame=690 capture_ms=15.949 gpu_ms=10.175 post_ms=0.614 total_ms=35.439 fps_avg=32.895 det=0
vision_progress frame=720 capture_ms=10.794 gpu_ms=10.177 post_ms=2.025 total_ms=31.646 fps_avg=33.104 det=2
vision_progress frame=750 capture_ms=10.949 gpu_ms=10.418 post_ms=2.099 total_ms=32.349 fps_avg=32.914 det=2
vision_progress frame=780 capture_ms=14.607 gpu_ms=10.159 post_ms=2.118 total_ms=35.608 fps_avg=33.003 det=2
vision_progress frame=810 capture_ms=14.564 gpu_ms=10.241 post_ms=2.112 total_ms=35.562 fps_avg=32.819 det=2
vision_progress frame=840 capture_ms=19.077 gpu_ms=10.180 post_ms=1.767 total_ms=39.619 fps_avg=28.642 det=1
vision_progress frame=870 capture_ms=18.698 gpu_ms=10.236 post_ms=1.696 total_ms=39.483 fps_avg=26.892 det=1
vision_progress frame=900 capture_ms=19.238 gpu_ms=10.192 post_ms=1.778 total_ms=40.097 fps_avg=27.001 det=1
vision_progress frame=930 capture_ms=19.099 gpu_ms=10.204 post_ms=1.854 total_ms=39.930 fps_avg=26.957 det=1
vision_progress frame=960 capture_ms=19.489 gpu_ms=10.199 post_ms=1.731 total_ms=40.083 fps_avg=26.890 det=1
vision_progress frame=990 capture_ms=20.608 gpu_ms=10.181 post_ms=0.600 total_ms=40.048 fps_avg=26.987 det=0
vision_progress frame=1020 capture_ms=19.745 gpu_ms=10.190 post_ms=1.730 total_ms=40.320 fps_avg=26.880 det=1
vision_progress frame=1050 capture_ms=10.760 gpu_ms=10.176 post_ms=2.278 total_ms=31.889 fps_avg=31.842 det=2
vision_progress frame=1080 capture_ms=10.614 gpu_ms=10.561 post_ms=1.729 total_ms=31.737 fps_avg=32.861 det=1
vision_progress frame=1110 capture_ms=14.176 gpu_ms=10.312 post_ms=2.142 total_ms=35.224 fps_avg=32.929 det=2
vision_progress frame=1140 capture_ms=14.593 gpu_ms=10.162 post_ms=2.130 total_ms=35.673 fps_avg=32.831 det=2
vision_progress frame=1170 capture_ms=10.582 gpu_ms=10.195 post_ms=2.128 total_ms=31.849 fps_avg=33.208 det=2
vision_progress frame=1200 capture_ms=17.876 gpu_ms=10.143 post_ms=2.192 total_ms=38.864 fps_avg=31.605 det=2
vision_progress frame=1230 capture_ms=18.870 gpu_ms=10.223 post_ms=2.173 total_ms=39.985 fps_avg=26.929 det=2
vision_progress frame=1260 capture_ms=18.540 gpu_ms=10.278 post_ms=2.192 total_ms=39.688 fps_avg=26.972 det=2
vision_progress frame=1290 capture_ms=18.719 gpu_ms=10.195 post_ms=2.137 total_ms=39.973 fps_avg=26.996 det=2
vision_progress frame=1320 capture_ms=18.561 gpu_ms=10.179 post_ms=2.154 total_ms=39.495 fps_avg=26.887 det=2
vision_progress frame=1350 capture_ms=15.742 gpu_ms=10.183 post_ms=2.179 total_ms=36.677 fps_avg=26.964 det=2
vision_progress frame=1380 capture_ms=10.331 gpu_ms=10.201 post_ms=2.154 total_ms=31.699 fps_avg=29.765 det=2
vision_progress frame=1410 capture_ms=11.061 gpu_ms=10.235 post_ms=2.170 total_ms=32.105 fps_avg=32.909 det=2
vision_progress frame=1440 capture_ms=14.853 gpu_ms=10.172 post_ms=2.250 total_ms=35.830 fps_avg=33.021 det=2
vision_progress frame=1470 capture_ms=10.585 gpu_ms=10.238 post_ms=2.219 total_ms=31.659 fps_avg=32.952 det=2
vision_progress frame=1500 capture_ms=10.792 gpu_ms=10.565 post_ms=2.495 total_ms=32.606 fps_avg=32.957 det=2
vision_progress frame=1530 capture_ms=9.708 gpu_ms=10.444 post_ms=2.913 total_ms=31.928 fps_avg=32.827 det=3
vision_progress frame=1560 capture_ms=13.965 gpu_ms=10.155 post_ms=2.092 total_ms=34.978 fps_avg=33.074 det=2
vision_progress frame=1590 capture_ms=10.581 gpu_ms=10.092 post_ms=2.252 total_ms=31.553 fps_avg=33.157 det=2
vision_progress frame=1620 capture_ms=9.973 gpu_ms=10.251 post_ms=2.434 total_ms=31.688 fps_avg=32.909 det=2
vision_progress frame=1650 capture_ms=10.715 gpu_ms=10.234 post_ms=2.198 total_ms=31.825 fps_avg=32.784 det=2
vision_progress frame=1680 capture_ms=14.581 gpu_ms=10.168 post_ms=2.632 total_ms=36.052 fps_avg=33.016 det=3
vision_progress frame=1710 capture_ms=10.701 gpu_ms=10.103 post_ms=2.198 total_ms=31.707 fps_avg=32.876 det=2
vision_progress frame=1740 capture_ms=11.019 gpu_ms=10.129 post_ms=2.190 total_ms=31.966 fps_avg=32.903 det=2
vision_progress frame=1770 capture_ms=14.734 gpu_ms=10.146 post_ms=2.169 total_ms=35.706 fps_avg=32.775 det=2
vision_progress frame=1800 capture_ms=14.680 gpu_ms=10.282 post_ms=2.212 total_ms=35.771 fps_avg=32.925 det=2
vision_progress frame=1830 capture_ms=10.684 gpu_ms=10.279 post_ms=2.126 total_ms=31.728 fps_avg=32.980 det=2
vision_progress frame=1860 capture_ms=10.644 gpu_ms=10.123 post_ms=2.331 total_ms=31.876 fps_avg=32.797 det=2
vision_progress frame=1890 capture_ms=20.156 gpu_ms=10.166 post_ms=0.579 total_ms=39.532 fps_avg=29.442 det=0
vision_progress frame=1920 capture_ms=20.097 gpu_ms=10.190 post_ms=0.590 total_ms=39.576 fps_avg=27.009 det=0
vision_progress frame=1950 capture_ms=12.469 gpu_ms=10.110 post_ms=0.587 total_ms=31.941 fps_avg=31.510 det=0
vision_progress frame=1980 capture_ms=15.493 gpu_ms=10.138 post_ms=0.579 total_ms=34.871 fps_avg=32.939 det=0
vision_progress frame=2010 capture_ms=11.695 gpu_ms=10.483 post_ms=0.588 total_ms=33.271 fps_avg=33.100 det=0
vision_progress frame=2040 capture_ms=12.387 gpu_ms=10.219 post_ms=0.578 total_ms=31.989 fps_avg=32.950 det=0
vision_progress frame=2070 capture_ms=12.551 gpu_ms=10.092 post_ms=0.589 total_ms=32.080 fps_avg=32.972 det=0
vision_progress frame=2100 capture_ms=16.350 gpu_ms=10.204 post_ms=0.581 total_ms=35.768 fps_avg=32.916 det=0
vision_progress frame=2130 capture_ms=11.431 gpu_ms=10.131 post_ms=0.588 total_ms=30.884 fps_avg=33.117 det=0
vision_progress frame=2160 capture_ms=11.323 gpu_ms=10.527 post_ms=0.591 total_ms=31.596 fps_avg=32.858 det=0
vision_progress frame=2190 capture_ms=12.360 gpu_ms=10.171 post_ms=0.588 total_ms=31.922 fps_avg=33.054 det=0
vision_progress frame=2220 capture_ms=16.033 gpu_ms=10.231 post_ms=0.583 total_ms=35.926 fps_avg=32.936 det=0
vision_progress frame=2250 capture_ms=12.135 gpu_ms=10.232 post_ms=0.590 total_ms=31.960 fps_avg=33.289 det=0
vision_progress frame=2280 capture_ms=12.429 gpu_ms=10.256 post_ms=0.585 total_ms=31.930 fps_avg=32.868 det=0
vision_progress frame=2310 capture_ms=7.684 gpu_ms=10.305 post_ms=0.593 total_ms=27.236 fps_avg=33.051 det=0
vision_progress frame=2340 capture_ms=16.231 gpu_ms=10.256 post_ms=0.590 total_ms=35.939 fps_avg=32.803 det=0
vision_progress frame=2370 capture_ms=10.953 gpu_ms=10.166 post_ms=0.589 total_ms=30.530 fps_avg=33.047 det=0
vision_progress frame=2400 capture_ms=12.304 gpu_ms=10.206 post_ms=0.585 total_ms=31.785 fps_avg=32.995 det=0
vision_progress frame=2430 capture_ms=12.533 gpu_ms=10.109 post_ms=0.582 total_ms=32.196 fps_avg=32.790 det=0
vision_progress frame=2460 capture_ms=15.529 gpu_ms=10.433 post_ms=0.587 total_ms=35.633 fps_avg=33.085 det=0
vision_progress frame=2490 capture_ms=12.210 gpu_ms=10.229 post_ms=0.576 total_ms=32.040 fps_avg=33.007 det=0
vision_progress frame=2520 capture_ms=11.787 gpu_ms=10.536 post_ms=0.583 total_ms=31.549 fps_avg=33.022 det=0
vision_progress frame=2550 capture_ms=16.080 gpu_ms=10.147 post_ms=0.583 total_ms=35.638 fps_avg=32.811 det=0
vision_progress frame=2580 capture_ms=15.595 gpu_ms=10.190 post_ms=0.589 total_ms=35.026 fps_avg=33.038 det=0
vision_progress frame=2610 capture_ms=12.344 gpu_ms=10.173 post_ms=0.583 total_ms=31.811 fps_avg=32.962 det=0
vision_progress frame=2640 capture_ms=12.249 gpu_ms=10.530 post_ms=0.581 total_ms=32.251 fps_avg=33.134 det=0
vision_progress frame=2670 capture_ms=14.703 gpu_ms=10.187 post_ms=0.588 total_ms=34.124 fps_avg=32.872 det=0
vision_progress frame=2700 capture_ms=12.368 gpu_ms=10.317 post_ms=0.692 total_ms=32.090 fps_avg=33.148 det=0
vision_progress frame=2730 capture_ms=11.926 gpu_ms=10.232 post_ms=0.584 total_ms=31.498 fps_avg=32.914 det=0
vision_progress frame=2760 capture_ms=11.878 gpu_ms=10.358 post_ms=0.591 total_ms=32.161 fps_avg=33.077 det=0
vision_progress frame=2790 capture_ms=16.089 gpu_ms=10.408 post_ms=0.581 total_ms=36.034 fps_avg=32.903 det=0
vision_progress frame=2820 capture_ms=12.231 gpu_ms=10.124 post_ms=0.588 total_ms=31.738 fps_avg=33.009 det=0
vision_progress frame=2850 capture_ms=11.526 gpu_ms=10.544 post_ms=0.572 total_ms=31.875 fps_avg=32.969 det=0
vision_progress frame=2880 capture_ms=12.158 gpu_ms=10.132 post_ms=0.645 total_ms=32.057 fps_avg=32.823 det=0
vision_progress frame=2910 capture_ms=16.357 gpu_ms=10.171 post_ms=0.589 total_ms=35.769 fps_avg=33.032 det=0
vision_progress frame=2940 capture_ms=12.456 gpu_ms=10.144 post_ms=0.588 total_ms=31.936 fps_avg=33.017 det=0
vision_progress frame=2970 capture_ms=12.551 gpu_ms=10.054 post_ms=0.585 total_ms=31.943 fps_avg=32.962 det=0
vision_progress frame=3000 capture_ms=12.200 gpu_ms=10.207 post_ms=0.586 total_ms=31.757 fps_avg=32.847 det=0
vision_progress frame=3030 capture_ms=15.858 gpu_ms=10.146 post_ms=0.584 total_ms=35.409 fps_avg=33.049 det=0
vision_progress frame=3060 capture_ms=12.392 gpu_ms=10.120 post_ms=0.641 total_ms=32.231 fps_avg=33.003 det=0
vision_progress frame=3090 capture_ms=11.856 gpu_ms=10.228 post_ms=0.677 total_ms=31.562 fps_avg=33.087 det=0
vision_progress frame=3120 capture_ms=12.350 gpu_ms=10.138 post_ms=0.586 total_ms=31.771 fps_avg=32.958 det=0
vision_progress frame=3150 capture_ms=16.801 gpu_ms=10.160 post_ms=0.619 total_ms=36.265 fps_avg=32.985 det=0
vision_progress frame=3180 capture_ms=16.119 gpu_ms=10.071 post_ms=0.591 total_ms=35.557 fps_avg=32.907 det=0
vision_progress frame=3210 capture_ms=11.496 gpu_ms=10.383 post_ms=0.592 total_ms=31.788 fps_avg=33.170 det=0
vision_progress frame=3240 capture_ms=12.002 gpu_ms=10.138 post_ms=0.582 total_ms=31.799 fps_avg=32.936 det=0
vision_progress frame=3270 capture_ms=12.498 gpu_ms=10.419 post_ms=0.639 total_ms=32.660 fps_avg=32.941 det=0
vision_progress frame=3300 capture_ms=16.118 gpu_ms=10.131 post_ms=0.592 total_ms=35.640 fps_avg=32.843 det=0
vision_progress frame=3330 capture_ms=20.104 gpu_ms=10.141 post_ms=0.593 total_ms=39.711 fps_avg=31.359 det=0
vision_progress frame=3360 capture_ms=20.513 gpu_ms=10.158 post_ms=0.587 total_ms=40.156 fps_avg=27.036 det=0
vision_progress frame=3390 capture_ms=13.255 gpu_ms=10.252 post_ms=0.648 total_ms=33.051 fps_avg=28.664 det=0
vision_progress frame=3420 capture_ms=12.452 gpu_ms=10.100 post_ms=0.577 total_ms=31.943 fps_avg=33.060 det=0
vision_progress frame=3450 capture_ms=15.936 gpu_ms=10.146 post_ms=0.581 total_ms=35.423 fps_avg=32.834 det=0
vision_progress frame=3480 capture_ms=13.200 gpu_ms=10.118 post_ms=0.741 total_ms=33.041 fps_avg=33.143 det=0
vision_progress frame=3510 capture_ms=12.551 gpu_ms=10.150 post_ms=0.645 total_ms=32.061 fps_avg=32.842 det=0
vision_progress frame=3540 capture_ms=15.106 gpu_ms=10.141 post_ms=1.689 total_ms=35.583 fps_avg=32.948 det=1
vision_progress frame=3570 capture_ms=16.198 gpu_ms=10.381 post_ms=0.594 total_ms=35.814 fps_avg=32.900 det=0
vision_progress frame=3600 capture_ms=12.223 gpu_ms=10.494 post_ms=0.583 total_ms=32.009 fps_avg=33.135 det=0
vision_progress frame=3630 capture_ms=12.346 gpu_ms=10.400 post_ms=0.582 total_ms=32.236 fps_avg=32.893 det=0
vision_progress frame=3660 capture_ms=15.789 gpu_ms=10.125 post_ms=0.640 total_ms=35.234 fps_avg=32.934 det=0
vision_progress frame=3690 capture_ms=16.193 gpu_ms=10.077 post_ms=0.598 total_ms=35.579 fps_avg=32.829 det=0
vision_progress frame=3720 capture_ms=13.314 gpu_ms=10.231 post_ms=0.624 total_ms=32.868 fps_avg=33.043 det=0
vision_progress frame=3750 capture_ms=12.104 gpu_ms=10.240 post_ms=0.578 total_ms=31.566 fps_avg=32.877 det=0
vision_progress frame=3780 capture_ms=15.873 gpu_ms=10.144 post_ms=0.577 total_ms=35.568 fps_avg=32.896 det=0
vision_progress frame=3810 capture_ms=12.391 gpu_ms=10.143 post_ms=0.601 total_ms=31.937 fps_avg=33.289 det=0
vision_progress frame=3840 capture_ms=12.381 gpu_ms=10.073 post_ms=0.596 total_ms=31.759 fps_avg=32.879 det=0
vision_progress frame=3870 capture_ms=13.434 gpu_ms=10.177 post_ms=0.632 total_ms=32.911 fps_avg=32.938 det=0
vision_progress frame=3900 capture_ms=16.127 gpu_ms=10.141 post_ms=0.583 total_ms=35.553 fps_avg=32.936 det=0
vision_progress frame=3930 capture_ms=10.960 gpu_ms=10.221 post_ms=0.601 total_ms=30.449 fps_avg=33.097 det=0
vision_progress frame=3960 capture_ms=11.830 gpu_ms=10.139 post_ms=0.580 total_ms=31.272 fps_avg=32.892 det=0
vision_progress frame=3990 capture_ms=16.059 gpu_ms=10.156 post_ms=0.582 total_ms=35.497 fps_avg=32.996 det=0
vision_progress frame=4020 capture_ms=15.934 gpu_ms=10.105 post_ms=0.637 total_ms=35.374 fps_avg=32.850 det=0
vision_progress frame=4050 capture_ms=11.483 gpu_ms=10.200 post_ms=0.660 total_ms=31.003 fps_avg=33.189 det=0
vision_progress frame=4080 capture_ms=12.188 gpu_ms=10.240 post_ms=0.579 total_ms=31.705 fps_avg=32.826 det=0
vision_progress frame=4110 capture_ms=15.940 gpu_ms=10.095 post_ms=0.625 total_ms=35.561 fps_avg=32.938 det=0
vision_progress frame=4140 capture_ms=12.157 gpu_ms=10.128 post_ms=0.591 total_ms=31.816 fps_avg=33.061 det=0
vision_progress frame=4170 capture_ms=12.241 gpu_ms=10.153 post_ms=0.588 total_ms=31.782 fps_avg=33.014 det=0
vision_progress frame=4200 capture_ms=16.184 gpu_ms=10.157 post_ms=0.590 total_ms=35.680 fps_avg=32.796 det=0
vision_progress frame=4230 capture_ms=13.228 gpu_ms=10.034 post_ms=0.596 total_ms=32.578 fps_avg=32.942 det=0
vision_progress frame=4260 capture_ms=12.256 gpu_ms=10.276 post_ms=0.585 total_ms=31.854 fps_avg=32.982 det=0
vision_progress frame=4290 capture_ms=12.247 gpu_ms=10.210 post_ms=0.588 total_ms=31.963 fps_avg=32.790 det=0
vision_progress frame=4320 capture_ms=15.913 gpu_ms=10.188 post_ms=0.594 total_ms=35.455 fps_avg=33.074 det=0
vision_progress frame=4350 capture_ms=15.792 gpu_ms=10.398 post_ms=0.585 total_ms=35.919 fps_avg=32.886 det=0
vision_progress frame=4380 capture_ms=12.345 gpu_ms=10.378 post_ms=0.639 total_ms=32.537 fps_avg=33.152 det=0
vision_progress frame=4410 capture_ms=12.232 gpu_ms=10.212 post_ms=0.581 total_ms=31.741 fps_avg=32.851 det=0
vision_progress frame=4440 capture_ms=12.344 gpu_ms=10.417 post_ms=0.644 total_ms=32.397 fps_avg=32.968 det=0
vision_progress frame=4470 capture_ms=15.387 gpu_ms=10.148 post_ms=0.583 total_ms=34.913 fps_avg=32.936 det=0
vision_progress frame=4500 capture_ms=12.336 gpu_ms=10.147 post_ms=0.588 total_ms=31.903 fps_avg=33.265 det=0
vision_progress frame=4530 capture_ms=11.516 gpu_ms=10.407 post_ms=0.616 total_ms=31.445 fps_avg=32.782 det=0
vision_progress frame=4560 capture_ms=12.506 gpu_ms=10.222 post_ms=0.582 total_ms=32.041 fps_avg=33.004 det=0
vision_progress frame=4590 capture_ms=16.099 gpu_ms=10.348 post_ms=0.579 total_ms=35.704 fps_avg=32.860 det=0
vision_progress frame=4620 capture_ms=11.571 gpu_ms=10.436 post_ms=0.641 total_ms=31.817 fps_avg=33.200 det=0
vision_progress frame=4650 capture_ms=12.371 gpu_ms=10.416 post_ms=0.648 total_ms=32.352 fps_avg=32.936 det=0
vision_progress frame=4680 capture_ms=12.377 gpu_ms=10.132 post_ms=0.590 total_ms=31.797 fps_avg=33.053 det=0
vision_progress frame=4710 capture_ms=15.277 gpu_ms=10.127 post_ms=0.577 total_ms=34.689 fps_avg=32.837 det=0
vision_progress frame=4740 capture_ms=12.536 gpu_ms=10.258 post_ms=0.638 total_ms=32.093 fps_avg=32.984 det=0
vision_progress frame=4770 capture_ms=12.289 gpu_ms=10.249 post_ms=0.585 total_ms=31.811 fps_avg=33.012 det=0
vision_progress frame=4800 capture_ms=11.742 gpu_ms=10.132 post_ms=0.615 total_ms=31.477 fps_avg=32.846 det=0
vision_progress frame=4830 capture_ms=16.212 gpu_ms=10.136 post_ms=0.587 total_ms=35.631 fps_avg=33.063 det=0
vision_progress frame=4860 capture_ms=12.417 gpu_ms=10.128 post_ms=0.642 total_ms=31.877 fps_avg=32.979 det=0
vision_progress frame=4890 capture_ms=12.102 gpu_ms=10.271 post_ms=0.582 total_ms=31.680 fps_avg=32.954 det=0
vision_progress frame=4920 capture_ms=13.793 gpu_ms=10.125 post_ms=0.583 total_ms=33.321 fps_avg=32.806 det=0
vision_progress frame=4950 capture_ms=15.938 gpu_ms=10.104 post_ms=0.586 total_ms=35.338 fps_avg=33.060 det=0
vision_progress frame=4980 capture_ms=12.592 gpu_ms=10.198 post_ms=0.644 total_ms=32.088 fps_avg=32.918 det=0
vision_progress frame=5010 capture_ms=12.384 gpu_ms=10.142 post_ms=0.570 total_ms=31.806 fps_avg=32.976 det=0
vision_progress frame=5040 capture_ms=12.336 gpu_ms=10.297 post_ms=0.644 total_ms=31.941 fps_avg=32.786 det=0
vision_progress frame=5070 capture_ms=16.093 gpu_ms=10.273 post_ms=0.644 total_ms=35.667 fps_avg=32.912 det=0
vision_progress frame=5100 capture_ms=12.432 gpu_ms=10.250 post_ms=0.637 total_ms=31.983 fps_avg=32.904 det=0
vision_progress frame=5130 capture_ms=12.383 gpu_ms=10.138 post_ms=0.653 total_ms=31.914 fps_avg=32.914 det=0
vision_progress frame=5160 capture_ms=12.269 gpu_ms=10.155 post_ms=0.583 total_ms=31.775 fps_avg=32.842 det=0
vision_progress frame=5190 capture_ms=13.130 gpu_ms=10.164 post_ms=0.647 total_ms=32.638 fps_avg=32.890 det=0
vision_progress frame=5220 capture_ms=12.441 gpu_ms=10.177 post_ms=0.643 total_ms=31.926 fps_avg=32.913 det=0
vision_progress frame=5250 capture_ms=12.329 gpu_ms=10.257 post_ms=0.649 total_ms=31.883 fps_avg=32.784 det=0
vision_progress frame=5280 capture_ms=12.285 gpu_ms=10.161 post_ms=0.631 total_ms=32.003 fps_avg=32.885 det=0
vision_progress frame=5310 capture_ms=16.052 gpu_ms=10.137 post_ms=0.583 total_ms=35.550 fps_avg=32.804 det=0
vision_progress frame=5340 capture_ms=12.507 gpu_ms=10.107 post_ms=0.653 total_ms=31.994 fps_avg=33.017 det=0
vision_progress frame=5370 capture_ms=12.365 gpu_ms=10.154 post_ms=0.616 total_ms=31.797 fps_avg=32.799 det=0
vision_progress frame=5400 capture_ms=12.355 gpu_ms=10.279 post_ms=0.635 total_ms=31.901 fps_avg=32.993 det=0
vision_progress frame=5430 capture_ms=16.089 gpu_ms=10.185 post_ms=0.622 total_ms=35.673 fps_avg=32.768 det=0
vision_progress frame=5460 capture_ms=12.373 gpu_ms=10.185 post_ms=0.638 total_ms=32.003 fps_avg=33.031 det=0
vision_progress frame=5490 capture_ms=12.072 gpu_ms=10.141 post_ms=0.627 total_ms=31.543 fps_avg=32.868 det=0
vision_progress frame=5520 capture_ms=15.854 gpu_ms=10.145 post_ms=0.645 total_ms=35.289 fps_avg=32.940 det=0
vision_progress frame=5550 capture_ms=16.208 gpu_ms=10.168 post_ms=0.651 total_ms=35.706 fps_avg=32.767 det=0
vision_progress frame=5580 capture_ms=12.327 gpu_ms=10.236 post_ms=0.650 total_ms=31.849 fps_avg=33.020 det=0
vision_progress frame=5610 capture_ms=12.185 gpu_ms=10.225 post_ms=0.641 total_ms=31.678 fps_avg=32.781 det=0
vision_progress frame=5640 capture_ms=16.123 gpu_ms=10.206 post_ms=0.650 total_ms=35.610 fps_avg=32.951 det=0
vision_progress frame=5670 capture_ms=12.189 gpu_ms=10.145 post_ms=0.654 total_ms=31.652 fps_avg=32.886 det=0
vision_progress frame=5700 capture_ms=12.334 gpu_ms=10.108 post_ms=0.631 total_ms=31.740 fps_avg=32.835 det=0
vision_progress frame=5730 capture_ms=12.450 gpu_ms=10.223 post_ms=0.630 total_ms=31.947 fps_avg=32.909 det=0
vision_progress frame=5760 capture_ms=16.127 gpu_ms=10.306 post_ms=0.628 total_ms=35.693 fps_avg=32.795 det=0
vision_progress frame=5790 capture_ms=12.294 gpu_ms=10.245 post_ms=0.581 total_ms=31.819 fps_avg=33.074 det=0
vision_progress frame=5820 capture_ms=12.060 gpu_ms=10.119 post_ms=0.640 total_ms=31.468 fps_avg=32.851 det=0
vision_progress frame=5850 capture_ms=12.283 gpu_ms=10.173 post_ms=0.641 total_ms=31.741 fps_avg=32.923 det=0
vision_progress frame=5880 capture_ms=16.223 gpu_ms=10.116 post_ms=0.640 total_ms=35.639 fps_avg=32.798 det=0
vision_progress frame=5910 capture_ms=12.243 gpu_ms=10.295 post_ms=0.584 total_ms=31.903 fps_avg=33.001 det=0
vision_progress frame=5940 capture_ms=12.082 gpu_ms=10.290 post_ms=0.582 total_ms=31.664 fps_avg=32.880 det=0
vision_progress frame=5970 capture_ms=16.136 gpu_ms=10.145 post_ms=0.624 total_ms=35.619 fps_avg=32.930 det=0
vision_progress frame=6000 capture_ms=12.699 gpu_ms=10.135 post_ms=0.585 total_ms=32.156 fps_avg=32.905 det=0
vision_progress frame=6030 capture_ms=11.162 gpu_ms=10.159 post_ms=0.588 total_ms=30.509 fps_avg=32.956 det=0
vision_progress frame=6060 capture_ms=12.542 gpu_ms=10.172 post_ms=0.579 total_ms=32.001 fps_avg=32.811 det=0
vision_progress frame=6090 capture_ms=16.087 gpu_ms=10.160 post_ms=0.635 total_ms=35.510 fps_avg=32.958 det=0
vision_progress frame=6120 capture_ms=12.327 gpu_ms=10.335 post_ms=0.579 total_ms=31.899 fps_avg=32.912 det=0
vision_progress frame=6150 capture_ms=9.507 gpu_ms=10.138 post_ms=0.591 total_ms=28.975 fps_avg=32.906 det=0
vision_progress frame=6180 capture_ms=16.081 gpu_ms=10.153 post_ms=0.627 total_ms=35.684 fps_avg=32.897 det=0
vision_progress frame=6210 capture_ms=16.049 gpu_ms=10.098 post_ms=0.632 total_ms=35.439 fps_avg=32.820 det=0
vision_progress frame=6240 capture_ms=12.390 gpu_ms=10.206 post_ms=0.583 total_ms=31.825 fps_avg=33.121 det=0
vision_progress frame=6270 capture_ms=12.222 gpu_ms=10.203 post_ms=0.588 total_ms=31.668 fps_avg=32.823 det=0
vision_progress frame=6300 capture_ms=16.805 gpu_ms=10.200 post_ms=0.583 total_ms=36.594 fps_avg=32.893 det=0
vision_progress frame=6330 capture_ms=12.060 gpu_ms=10.196 post_ms=0.585 total_ms=31.694 fps_avg=33.177 det=0
vision_progress frame=6360 capture_ms=11.479 gpu_ms=10.059 post_ms=0.630 total_ms=30.846 fps_avg=33.102 det=0
vision_progress frame=6390 capture_ms=12.493 gpu_ms=10.103 post_ms=0.580 total_ms=31.787 fps_avg=32.898 det=0
vision_progress frame=6420 capture_ms=15.849 gpu_ms=10.161 post_ms=0.591 total_ms=35.289 fps_avg=32.915 det=0
vision_progress frame=6450 capture_ms=11.448 gpu_ms=10.474 post_ms=0.580 total_ms=31.357 fps_avg=32.959 det=0
vision_progress frame=6480 capture_ms=12.483 gpu_ms=10.116 post_ms=0.594 total_ms=31.891 fps_avg=33.048 det=0
vision_progress frame=6510 capture_ms=15.315 gpu_ms=10.423 post_ms=0.587 total_ms=35.571 fps_avg=32.795 det=0
vision_progress frame=6540 capture_ms=15.453 gpu_ms=10.151 post_ms=0.588 total_ms=34.773 fps_avg=32.993 det=0
vision_progress frame=6570 capture_ms=12.563 gpu_ms=10.081 post_ms=0.579 total_ms=31.821 fps_avg=32.912 det=0
vision_progress frame=6600 capture_ms=12.144 gpu_ms=10.255 post_ms=0.592 total_ms=31.700 fps_avg=33.012 det=0
vision_progress frame=6630 capture_ms=16.159 gpu_ms=10.243 post_ms=0.582 total_ms=35.582 fps_avg=32.835 det=0
vision_progress frame=6660 capture_ms=15.983 gpu_ms=10.100 post_ms=0.579 total_ms=35.555 fps_avg=32.983 det=0
vision_progress frame=6690 capture_ms=12.083 gpu_ms=10.097 post_ms=0.584 total_ms=31.712 fps_avg=33.215 det=0
vision_progress frame=6720 capture_ms=12.205 gpu_ms=10.178 post_ms=0.586 total_ms=31.644 fps_avg=32.791 det=0
vision_progress frame=6750 capture_ms=12.322 gpu_ms=10.229 post_ms=0.582 total_ms=31.756 fps_avg=33.059 det=0
vision_progress frame=6780 capture_ms=15.652 gpu_ms=10.234 post_ms=0.581 total_ms=35.343 fps_avg=32.847 det=0
vision_progress frame=6810 capture_ms=12.350 gpu_ms=10.130 post_ms=0.584 total_ms=31.912 fps_avg=33.146 det=0
vision_progress frame=6840 capture_ms=12.926 gpu_ms=10.188 post_ms=0.585 total_ms=32.974 fps_avg=32.953 det=0
vision_progress frame=6870 capture_ms=12.572 gpu_ms=10.124 post_ms=0.591 total_ms=31.853 fps_avg=33.046 det=0
vision_progress frame=6900 capture_ms=16.367 gpu_ms=10.144 post_ms=0.583 total_ms=35.694 fps_avg=32.791 det=0
vision_progress frame=6930 capture_ms=12.495 gpu_ms=10.275 post_ms=0.578 total_ms=31.962 fps_avg=33.056 det=0
vision_progress frame=6960 capture_ms=9.294 gpu_ms=10.217 post_ms=0.588 total_ms=29.071 fps_avg=32.848 det=0
vision_progress frame=6990 capture_ms=11.711 gpu_ms=10.401 post_ms=0.578 total_ms=31.552 fps_avg=33.057 det=0
vision_progress frame=7020 capture_ms=15.346 gpu_ms=10.142 post_ms=0.685 total_ms=34.723 fps_avg=33.062 det=0
vision_progress frame=7050 capture_ms=16.273 gpu_ms=10.149 post_ms=0.592 total_ms=35.604 fps_avg=32.948 det=0
vision_progress frame=7080 capture_ms=13.417 gpu_ms=10.148 post_ms=0.580 total_ms=32.854 fps_avg=32.927 det=0
vision_progress frame=7110 capture_ms=10.529 gpu_ms=10.326 post_ms=0.606 total_ms=30.153 fps_avg=32.961 det=0
vision_progress frame=7140 capture_ms=15.731 gpu_ms=10.394 post_ms=0.587 total_ms=35.637 fps_avg=32.958 det=0
vision_progress frame=7170 capture_ms=20.327 gpu_ms=10.125 post_ms=0.595 total_ms=39.725 fps_avg=30.694 det=0
vision_progress frame=7200 capture_ms=20.540 gpu_ms=10.125 post_ms=0.594 total_ms=39.936 fps_avg=26.989 det=0
vision_progress frame=7230 capture_ms=24.292 gpu_ms=10.138 post_ms=0.588 total_ms=44.079 fps_avg=26.877 det=0
vision_progress frame=7260 capture_ms=12.211 gpu_ms=10.265 post_ms=0.583 total_ms=31.797 fps_avg=28.226 det=0
vision_progress frame=7290 capture_ms=12.186 gpu_ms=10.141 post_ms=0.583 total_ms=31.953 fps_avg=32.902 det=0
vision_progress frame=7320 capture_ms=15.879 gpu_ms=10.142 post_ms=0.580 total_ms=35.231 fps_avg=33.136 det=0
vision_progress frame=7350 capture_ms=16.051 gpu_ms=10.221 post_ms=0.583 total_ms=35.495 fps_avg=32.846 det=0
vision_progress frame=7380 capture_ms=12.543 gpu_ms=10.123 post_ms=0.584 total_ms=31.828 fps_avg=33.241 det=0
vision_progress frame=7410 capture_ms=14.018 gpu_ms=10.301 post_ms=0.589 total_ms=33.611 fps_avg=32.756 det=0
vision_progress frame=7440 capture_ms=15.942 gpu_ms=10.241 post_ms=0.584 total_ms=35.657 fps_avg=33.028 det=0
vision_progress frame=7470 capture_ms=16.034 gpu_ms=10.223 post_ms=0.586 total_ms=35.594 fps_avg=32.873 det=0
vision_progress frame=7500 capture_ms=12.375 gpu_ms=10.199 post_ms=0.584 total_ms=31.815 fps_avg=33.222 det=0
vision_progress frame=7530 capture_ms=11.559 gpu_ms=10.148 post_ms=0.585 total_ms=30.943 fps_avg=32.893 det=0
vision_progress frame=7560 capture_ms=12.407 gpu_ms=10.144 post_ms=0.594 total_ms=31.747 fps_avg=32.996 det=0
vision_progress frame=7590 capture_ms=16.174 gpu_ms=10.140 post_ms=0.581 total_ms=35.496 fps_avg=32.832 det=0
vision_progress frame=7620 capture_ms=12.068 gpu_ms=10.250 post_ms=0.585 total_ms=31.952 fps_avg=32.985 det=0
vision_progress frame=7650 capture_ms=12.411 gpu_ms=10.138 post_ms=0.586 total_ms=31.833 fps_avg=32.999 det=0
vision_progress frame=7680 capture_ms=12.373 gpu_ms=10.137 post_ms=0.582 total_ms=31.682 fps_avg=32.879 det=0
vision_progress frame=7710 capture_ms=16.254 gpu_ms=10.153 post_ms=0.587 total_ms=35.685 fps_avg=33.016 det=0
vision_progress frame=7740 capture_ms=12.601 gpu_ms=10.095 post_ms=0.580 total_ms=31.932 fps_avg=32.966 det=0
vision_progress frame=7770 capture_ms=12.258 gpu_ms=10.305 post_ms=0.587 total_ms=31.822 fps_avg=32.967 det=0
vision_progress frame=7800 capture_ms=11.784 gpu_ms=10.421 post_ms=0.584 total_ms=31.972 fps_avg=32.841 det=0
vision_progress frame=7830 capture_ms=15.987 gpu_ms=10.135 post_ms=0.676 total_ms=35.666 fps_avg=33.146 det=0
vision_progress frame=7860 capture_ms=12.379 gpu_ms=10.084 post_ms=0.584 total_ms=31.798 fps_avg=32.973 det=0
vision_progress frame=7890 capture_ms=12.786 gpu_ms=10.146 post_ms=0.593 total_ms=32.462 fps_avg=32.993 det=0
vision_progress frame=7920 capture_ms=11.889 gpu_ms=10.311 post_ms=0.591 total_ms=31.371 fps_avg=33.059 det=0
vision_progress frame=7950 capture_ms=17.232 gpu_ms=10.114 post_ms=0.586 total_ms=36.763 fps_avg=32.954 det=0
vision_progress frame=7980 capture_ms=12.018 gpu_ms=10.135 post_ms=0.584 total_ms=31.686 fps_avg=33.104 det=0
vision_progress frame=8010 capture_ms=12.301 gpu_ms=10.163 post_ms=0.591 total_ms=31.820 fps_avg=33.094 det=0
vision_progress frame=8040 capture_ms=12.486 gpu_ms=10.138 post_ms=0.586 total_ms=31.959 fps_avg=32.783 det=0
vision_progress frame=8070 capture_ms=13.123 gpu_ms=10.140 post_ms=0.590 total_ms=32.585 fps_avg=32.979 det=0
vision_progress frame=8100 capture_ms=12.261 gpu_ms=10.205 post_ms=0.583 total_ms=31.807 fps_avg=32.990 det=0
vision_progress frame=8130 capture_ms=12.250 gpu_ms=10.118 post_ms=0.599 total_ms=32.103 fps_avg=32.854 det=0
vision_progress frame=8160 capture_ms=12.088 gpu_ms=10.152 post_ms=0.579 total_ms=31.816 fps_avg=33.095 det=0
vision_progress frame=8190 capture_ms=16.324 gpu_ms=10.152 post_ms=0.604 total_ms=35.789 fps_avg=32.953 det=0
vision_progress frame=8220 capture_ms=11.628 gpu_ms=10.453 post_ms=0.585 total_ms=31.559 fps_avg=33.159 det=0
vision_progress frame=8250 capture_ms=12.262 gpu_ms=10.270 post_ms=0.587 total_ms=31.735 fps_avg=32.919 det=0
vision_progress frame=8280 capture_ms=12.295 gpu_ms=10.337 post_ms=0.586 total_ms=31.820 fps_avg=32.820 det=0
vision_progress frame=8310 capture_ms=12.466 gpu_ms=10.265 post_ms=0.588 total_ms=31.949 fps_avg=32.860 det=0
vision_progress frame=8340 capture_ms=16.279 gpu_ms=10.173 post_ms=0.607 total_ms=35.708 fps_avg=32.986 det=0
vision_progress frame=8370 capture_ms=12.314 gpu_ms=10.186 post_ms=0.606 total_ms=31.772 fps_avg=32.997 det=0
vision_progress frame=8400 capture_ms=12.292 gpu_ms=10.201 post_ms=0.585 total_ms=31.774 fps_avg=32.941 det=0
vision_progress frame=8430 capture_ms=12.308 gpu_ms=10.324 post_ms=0.582 total_ms=31.815 fps_avg=32.832 det=0
vision_progress frame=8460 capture_ms=16.203 gpu_ms=10.185 post_ms=0.592 total_ms=35.688 fps_avg=32.976 det=0
vision_progress frame=8490 capture_ms=12.747 gpu_ms=10.186 post_ms=0.580 total_ms=32.247 fps_avg=32.966 det=0
vision_progress frame=8520 capture_ms=12.431 gpu_ms=10.199 post_ms=0.592 total_ms=31.848 fps_avg=32.988 det=0
vision_progress frame=8550 capture_ms=20.326 gpu_ms=10.139 post_ms=0.592 total_ms=39.701 fps_avg=27.859 det=0
vision_progress frame=8580 capture_ms=48.035 gpu_ms=10.195 post_ms=0.590 total_ms=67.689 fps_avg=20.770 det=0
vision_progress frame=8610 capture_ms=20.191 gpu_ms=10.151 post_ms=0.581 total_ms=39.864 fps_avg=22.970 det=0
vision_progress frame=8640 capture_ms=20.294 gpu_ms=10.211 post_ms=0.583 total_ms=39.998 fps_avg=26.974 det=0
vision_progress frame=8670 capture_ms=15.961 gpu_ms=10.394 post_ms=0.587 total_ms=35.519 fps_avg=29.728 det=0
vision_progress frame=8700 capture_ms=20.341 gpu_ms=10.228 post_ms=0.612 total_ms=39.802 fps_avg=29.734 det=0
vision_progress frame=8730 capture_ms=19.761 gpu_ms=10.178 post_ms=0.582 total_ms=39.169 fps_avg=26.951 det=0
vision_progress frame=8760 capture_ms=12.379 gpu_ms=10.283 post_ms=0.601 total_ms=31.960 fps_avg=28.901 det=0
vision_progress frame=8790 capture_ms=15.897 gpu_ms=10.191 post_ms=0.587 total_ms=35.468 fps_avg=33.241 det=0
vision_progress frame=8820 capture_ms=16.122 gpu_ms=10.183 post_ms=0.586 total_ms=35.549 fps_avg=32.851 det=0
vision_progress frame=8850 capture_ms=12.135 gpu_ms=10.192 post_ms=0.586 total_ms=31.927 fps_avg=33.087 det=0
vision_progress frame=8880 capture_ms=12.451 gpu_ms=10.186 post_ms=0.582 total_ms=31.883 fps_avg=32.847 det=0
vision_progress frame=8910 capture_ms=16.199 gpu_ms=10.211 post_ms=0.605 total_ms=35.654 fps_avg=32.992 det=0
vision_progress frame=8940 capture_ms=16.106 gpu_ms=10.212 post_ms=0.597 total_ms=35.635 fps_avg=32.837 det=0
vision_progress frame=8970 capture_ms=12.222 gpu_ms=10.178 post_ms=0.591 total_ms=31.787 fps_avg=33.122 det=0
vision_progress frame=9000 capture_ms=12.274 gpu_ms=10.195 post_ms=0.576 total_ms=31.700 fps_avg=32.825 det=0
vision_progress frame=9030 capture_ms=12.857 gpu_ms=10.224 post_ms=0.594 total_ms=32.265 fps_avg=32.928 det=0
vision_progress frame=9060 capture_ms=16.216 gpu_ms=10.198 post_ms=0.579 total_ms=35.692 fps_avg=32.836 det=0
vision_progress frame=9090 capture_ms=12.307 gpu_ms=10.309 post_ms=0.587 total_ms=31.840 fps_avg=32.984 det=0
vision_progress frame=9120 capture_ms=12.165 gpu_ms=10.219 post_ms=0.572 total_ms=31.590 fps_avg=32.996 det=0
vision_progress frame=9150 capture_ms=15.807 gpu_ms=10.183 post_ms=0.581 total_ms=35.232 fps_avg=32.851 det=0
vision_progress frame=9180 capture_ms=10.811 gpu_ms=10.189 post_ms=1.676 total_ms=31.799 fps_avg=33.058 det=1
vision_progress frame=9210 capture_ms=12.355 gpu_ms=10.171 post_ms=0.598 total_ms=31.803 fps_avg=32.934 det=0
vision_progress frame=9240 capture_ms=12.514 gpu_ms=10.234 post_ms=0.588 total_ms=31.959 fps_avg=32.968 det=0
vision_progress frame=9270 capture_ms=16.143 gpu_ms=10.280 post_ms=0.588 total_ms=35.599 fps_avg=32.865 det=0
vision_progress frame=9300 capture_ms=12.168 gpu_ms=10.391 post_ms=0.584 total_ms=31.805 fps_avg=33.147 det=0
vision_progress frame=9330 capture_ms=20.471 gpu_ms=10.231 post_ms=0.594 total_ms=39.978 fps_avg=32.605 det=0
vision_progress frame=9360 capture_ms=20.311 gpu_ms=10.094 post_ms=0.587 total_ms=39.669 fps_avg=26.967 det=0
vision_progress frame=9390 capture_ms=12.668 gpu_ms=10.303 post_ms=0.591 total_ms=32.174 fps_avg=25.856 det=0
vision_progress frame=9420 capture_ms=16.053 gpu_ms=10.288 post_ms=0.603 total_ms=35.585 fps_avg=32.940 det=0
vision_progress frame=9450 capture_ms=15.983 gpu_ms=10.186 post_ms=0.592 total_ms=35.491 fps_avg=32.842 det=0
vision_progress frame=9480 capture_ms=12.265 gpu_ms=10.234 post_ms=0.602 total_ms=31.787 fps_avg=33.137 det=0
vision_progress frame=9510 capture_ms=13.859 gpu_ms=10.166 post_ms=0.642 total_ms=33.361 fps_avg=32.784 det=0
vision_progress frame=9540 capture_ms=15.918 gpu_ms=10.105 post_ms=0.593 total_ms=35.343 fps_avg=32.893 det=0
vision_progress frame=9570 capture_ms=14.961 gpu_ms=10.286 post_ms=0.599 total_ms=34.476 fps_avg=32.998 det=0
vision_progress frame=9600 capture_ms=12.653 gpu_ms=10.240 post_ms=0.632 total_ms=32.591 fps_avg=32.947 det=0
vision_progress frame=9630 capture_ms=12.050 gpu_ms=10.132 post_ms=0.588 total_ms=32.287 fps_avg=33.059 det=0
vision_progress frame=9660 capture_ms=15.919 gpu_ms=10.251 post_ms=0.591 total_ms=35.484 fps_avg=33.007 det=0
vision_progress frame=9690 capture_ms=12.293 gpu_ms=10.180 post_ms=0.619 total_ms=31.740 fps_avg=33.122 det=0
vision_progress frame=9720 capture_ms=12.410 gpu_ms=10.252 post_ms=0.590 total_ms=31.972 fps_avg=32.891 det=0
vision_progress frame=9750 capture_ms=13.491 gpu_ms=10.269 post_ms=0.652 total_ms=33.247 fps_avg=33.069 det=0
vision_progress frame=9780 capture_ms=16.094 gpu_ms=10.127 post_ms=0.594 total_ms=35.630 fps_avg=32.911 det=0
vision_progress frame=9810 capture_ms=11.976 gpu_ms=10.142 post_ms=0.635 total_ms=31.666 fps_avg=33.125 det=0
vision_progress frame=9840 capture_ms=11.715 gpu_ms=10.142 post_ms=1.808 total_ms=32.643 fps_avg=31.016 det=1
vision_progress frame=9870 capture_ms=14.273 gpu_ms=10.149 post_ms=2.045 total_ms=35.282 fps_avg=32.972 det=1
vision_progress frame=9900 capture_ms=15.083 gpu_ms=10.138 post_ms=1.781 total_ms=35.665 fps_avg=32.975 det=1
vision_progress frame=9930 capture_ms=12.412 gpu_ms=10.208 post_ms=0.594 total_ms=31.938 fps_avg=33.156 det=0
vision_progress frame=9960 capture_ms=12.321 gpu_ms=10.235 post_ms=0.595 total_ms=31.858 fps_avg=32.851 det=0
vision_progress frame=9990 capture_ms=11.985 gpu_ms=10.171 post_ms=1.792 total_ms=32.907 fps_avg=32.800 det=1
vision_progress frame=10020 capture_ms=14.760 gpu_ms=10.271 post_ms=1.825 total_ms=35.673 fps_avg=29.469 det=1
vision_progress frame=10050 capture_ms=15.131 gpu_ms=10.154 post_ms=1.800 total_ms=35.752 fps_avg=33.138 det=1
vision_progress frame=10080 capture_ms=11.265 gpu_ms=10.159 post_ms=1.776 total_ms=31.791 fps_avg=33.294 det=1
vision_progress frame=10110 capture_ms=10.975 gpu_ms=10.250 post_ms=1.703 total_ms=31.581 fps_avg=32.876 det=1
vision_progress frame=10140 capture_ms=15.014 gpu_ms=10.131 post_ms=1.726 total_ms=35.478 fps_avg=33.002 det=1
vision_progress frame=10170 capture_ms=16.272 gpu_ms=10.125 post_ms=1.695 total_ms=36.683 fps_avg=30.089 det=1
vision_progress frame=10200 capture_ms=15.112 gpu_ms=10.123 post_ms=1.770 total_ms=35.628 fps_avg=32.961 det=1
vision_progress frame=10230 capture_ms=10.818 gpu_ms=10.394 post_ms=1.786 total_ms=31.656 fps_avg=32.906 det=1
vision_progress frame=10260 capture_ms=10.774 gpu_ms=10.296 post_ms=1.772 total_ms=31.616 fps_avg=33.161 det=1
vision_progress frame=10290 capture_ms=13.423 gpu_ms=10.189 post_ms=1.787 total_ms=34.226 fps_avg=32.860 det=1
vision_progress frame=10320 capture_ms=10.810 gpu_ms=10.160 post_ms=1.774 total_ms=31.719 fps_avg=33.056 det=1
vision_progress frame=10350 capture_ms=10.991 gpu_ms=10.237 post_ms=1.724 total_ms=31.631 fps_avg=32.814 det=1
vision_progress frame=10380 capture_ms=12.307 gpu_ms=10.141 post_ms=0.600 total_ms=31.738 fps_avg=33.025 det=0
vision_progress frame=10410 capture_ms=14.806 gpu_ms=10.139 post_ms=1.802 total_ms=35.360 fps_avg=32.836 det=1
vision_progress frame=10440 capture_ms=12.178 gpu_ms=10.241 post_ms=0.600 total_ms=31.712 fps_avg=33.151 det=0
vision_progress frame=10470 capture_ms=10.717 gpu_ms=10.169 post_ms=2.254 total_ms=31.879 fps_avg=32.744 det=2
vision_progress frame=10500 capture_ms=14.671 gpu_ms=10.159 post_ms=2.257 total_ms=35.777 fps_avg=32.840 det=2
vision_progress frame=10530 capture_ms=10.629 gpu_ms=10.123 post_ms=2.150 total_ms=31.552 fps_avg=33.106 det=2
vision_progress frame=10560 capture_ms=10.674 gpu_ms=10.238 post_ms=2.154 total_ms=31.641 fps_avg=32.908 det=2
vision_progress frame=10590 capture_ms=12.604 gpu_ms=10.258 post_ms=1.778 total_ms=33.303 fps_avg=32.999 det=1
vision_progress frame=10620 capture_ms=14.898 gpu_ms=10.154 post_ms=1.781 total_ms=35.676 fps_avg=32.844 det=1
vision_progress frame=10650 capture_ms=11.172 gpu_ms=10.220 post_ms=1.729 total_ms=31.715 fps_avg=33.152 det=1
vision_progress frame=10680 capture_ms=10.961 gpu_ms=10.182 post_ms=2.049 total_ms=31.992 fps_avg=32.898 det=1
vision_progress frame=10710 capture_ms=15.020 gpu_ms=10.187 post_ms=1.753 total_ms=35.620 fps_avg=32.938 det=1
vision_progress frame=10740 capture_ms=15.070 gpu_ms=10.174 post_ms=1.790 total_ms=35.679 fps_avg=32.858 det=1
vision_progress frame=10770 capture_ms=10.881 gpu_ms=10.236 post_ms=1.848 total_ms=31.771 fps_avg=33.097 det=1
vision_progress frame=10800 capture_ms=10.861 gpu_ms=10.543 post_ms=1.783 total_ms=31.831 fps_avg=32.871 det=1
vision_progress frame=10830 capture_ms=14.730 gpu_ms=10.165 post_ms=1.800 total_ms=35.553 fps_avg=32.981 det=1
vision_progress frame=10860 capture_ms=10.147 gpu_ms=10.811 post_ms=2.051 total_ms=31.959 fps_avg=32.933 det=1
vision_progress frame=10890 capture_ms=11.149 gpu_ms=10.177 post_ms=1.785 total_ms=32.071 fps_avg=33.063 det=1
vision_progress frame=10920 capture_ms=14.966 gpu_ms=10.161 post_ms=1.742 total_ms=35.503 fps_avg=32.806 det=1
vision_progress frame=10950 capture_ms=11.772 gpu_ms=10.147 post_ms=1.751 total_ms=32.360 fps_avg=32.963 det=1
vision_progress frame=10980 capture_ms=10.860 gpu_ms=10.266 post_ms=1.811 total_ms=31.707 fps_avg=33.034 det=1
vision_progress frame=11010 capture_ms=10.733 gpu_ms=10.144 post_ms=1.778 total_ms=31.725 fps_avg=32.940 det=1
vision_progress frame=11040 capture_ms=14.644 gpu_ms=10.228 post_ms=1.787 total_ms=35.407 fps_avg=33.062 det=1
vision_progress frame=11070 capture_ms=11.187 gpu_ms=10.274 post_ms=1.794 total_ms=32.070 fps_avg=32.948 det=1
vision_progress frame=11100 capture_ms=11.219 gpu_ms=10.280 post_ms=1.810 total_ms=32.131 fps_avg=33.049 det=1
vision_progress frame=11130 capture_ms=14.636 gpu_ms=10.258 post_ms=1.779 total_ms=35.284 fps_avg=32.858 det=1
vision_progress frame=11160 capture_ms=14.588 gpu_ms=10.152 post_ms=1.793 total_ms=35.110 fps_avg=33.057 det=1
vision_progress frame=11190 capture_ms=10.944 gpu_ms=10.150 post_ms=1.792 total_ms=31.729 fps_avg=33.025 det=1
vision_progress frame=11220 capture_ms=11.149 gpu_ms=10.140 post_ms=1.845 total_ms=31.727 fps_avg=33.071 det=1
vision_progress frame=11250 capture_ms=15.033 gpu_ms=10.123 post_ms=1.833 total_ms=35.648 fps_avg=32.842 det=1
vision_progress frame=11280 capture_ms=13.405 gpu_ms=10.258 post_ms=1.821 total_ms=34.285 fps_avg=32.984 det=1
vision_progress frame=11310 capture_ms=10.776 gpu_ms=10.313 post_ms=1.768 total_ms=31.617 fps_avg=33.087 det=1
vision_progress frame=11340 capture_ms=11.045 gpu_ms=10.166 post_ms=1.730 total_ms=31.509 fps_avg=32.970 det=1
vision_progress frame=11370 capture_ms=10.995 gpu_ms=10.138 post_ms=1.763 total_ms=31.581 fps_avg=32.893 det=1
vision_progress frame=11400 capture_ms=15.155 gpu_ms=10.169 post_ms=1.771 total_ms=35.697 fps_avg=32.864 det=1
vision_progress frame=11430 capture_ms=10.965 gpu_ms=10.297 post_ms=1.746 total_ms=31.588 fps_avg=32.951 det=1
vision_progress frame=11460 capture_ms=10.810 gpu_ms=10.242 post_ms=1.773 total_ms=31.395 fps_avg=32.923 det=1
vision_progress frame=11490 capture_ms=11.183 gpu_ms=10.187 post_ms=1.779 total_ms=32.040 fps_avg=32.983 det=1
vision_progress frame=11520 capture_ms=14.923 gpu_ms=10.189 post_ms=1.907 total_ms=35.728 fps_avg=32.791 det=1
vision_progress frame=11550 capture_ms=13.558 gpu_ms=10.161 post_ms=1.812 total_ms=34.259 fps_avg=32.982 det=1
vision_progress frame=11580 capture_ms=10.847 gpu_ms=10.175 post_ms=1.801 total_ms=31.428 fps_avg=33.079 det=1
vision_progress frame=11610 capture_ms=10.820 gpu_ms=10.233 post_ms=1.784 total_ms=31.717 fps_avg=33.043 det=1
vision_progress frame=11640 capture_ms=13.495 gpu_ms=10.132 post_ms=1.806 total_ms=34.328 fps_avg=32.851 det=1
vision_progress frame=11670 capture_ms=15.147 gpu_ms=10.147 post_ms=1.765 total_ms=35.715 fps_avg=33.003 det=1
vision_progress frame=11700 capture_ms=10.021 gpu_ms=10.924 post_ms=2.025 total_ms=31.880 fps_avg=32.978 det=1
vision_progress frame=11730 capture_ms=12.607 gpu_ms=10.132 post_ms=1.808 total_ms=33.128 fps_avg=32.907 det=1
vision_progress frame=11760 capture_ms=11.060 gpu_ms=10.272 post_ms=1.802 total_ms=31.909 fps_avg=32.874 det=1
vision_progress frame=11790 capture_ms=14.859 gpu_ms=10.237 post_ms=1.804 total_ms=35.460 fps_avg=33.079 det=1
vision_progress frame=11820 capture_ms=10.753 gpu_ms=10.252 post_ms=1.797 total_ms=31.556 fps_avg=33.036 det=1
vision_progress frame=11850 capture_ms=12.307 gpu_ms=10.144 post_ms=1.756 total_ms=32.893 fps_avg=33.116 det=1
vision_progress frame=11880 capture_ms=11.340 gpu_ms=10.185 post_ms=1.772 total_ms=31.948 fps_avg=32.807 det=1
vision_progress frame=11910 capture_ms=11.626 gpu_ms=10.161 post_ms=1.793 total_ms=32.201 fps_avg=32.955 det=1
vision_progress frame=11940 capture_ms=11.429 gpu_ms=10.263 post_ms=1.797 total_ms=32.105 fps_avg=33.070 det=1
vision_progress frame=11970 capture_ms=10.831 gpu_ms=10.189 post_ms=1.866 total_ms=31.709 fps_avg=32.925 det=1
vision_progress frame=12000 capture_ms=11.178 gpu_ms=10.132 post_ms=1.797 total_ms=31.803 fps_avg=33.040 det=1
vision_progress frame=12030 capture_ms=14.895 gpu_ms=10.237 post_ms=1.794 total_ms=35.731 fps_avg=32.839 det=1
vision_progress frame=12060 capture_ms=15.049 gpu_ms=10.093 post_ms=1.777 total_ms=35.525 fps_avg=32.944 det=1
vision_progress frame=12090 capture_ms=11.103 gpu_ms=10.207 post_ms=1.736 total_ms=31.595 fps_avg=32.932 det=1
vision_progress frame=12120 capture_ms=10.862 gpu_ms=10.246 post_ms=1.846 total_ms=31.745 fps_avg=33.104 det=1
vision_progress frame=12150 capture_ms=14.729 gpu_ms=10.146 post_ms=1.800 total_ms=35.820 fps_avg=32.895 det=1
vision_progress frame=12180 capture_ms=14.724 gpu_ms=10.163 post_ms=1.807 total_ms=35.249 fps_avg=33.044 det=1
vision_progress frame=12210 capture_ms=11.144 gpu_ms=10.131 post_ms=1.810 total_ms=31.720 fps_avg=32.995 det=1
vision_progress frame=12240 capture_ms=11.524 gpu_ms=10.260 post_ms=1.769 total_ms=32.192 fps_avg=32.917 det=1
vision_progress frame=12270 capture_ms=12.499 gpu_ms=10.257 post_ms=1.769 total_ms=33.192 fps_avg=32.863 det=1
vision_progress frame=12300 capture_ms=15.014 gpu_ms=10.179 post_ms=1.787 total_ms=35.553 fps_avg=33.096 det=1
vision_progress frame=12330 capture_ms=10.754 gpu_ms=10.211 post_ms=1.743 total_ms=31.653 fps_avg=33.070 det=1
vision_progress frame=12360 capture_ms=9.913 gpu_ms=10.695 post_ms=2.040 total_ms=31.590 fps_avg=33.009 det=1
vision_progress frame=12390 capture_ms=11.152 gpu_ms=10.245 post_ms=1.779 total_ms=32.000 fps_avg=32.858 det=1
vision_progress frame=12420 capture_ms=14.807 gpu_ms=10.209 post_ms=1.779 total_ms=35.445 fps_avg=32.892 det=1
vision_progress frame=12450 capture_ms=10.990 gpu_ms=10.230 post_ms=1.727 total_ms=31.592 fps_avg=33.154 det=1
vision_progress frame=12480 capture_ms=10.723 gpu_ms=10.173 post_ms=1.750 total_ms=31.610 fps_avg=32.979 det=1
vision_progress frame=12510 capture_ms=10.915 gpu_ms=10.172 post_ms=1.797 total_ms=31.455 fps_avg=33.126 det=1
vision_progress frame=12540 capture_ms=15.039 gpu_ms=10.171 post_ms=1.766 total_ms=35.559 fps_avg=32.820 det=1
vision_progress frame=12570 capture_ms=11.171 gpu_ms=10.324 post_ms=1.745 total_ms=31.831 fps_avg=33.024 det=1
vision_progress frame=12600 capture_ms=11.154 gpu_ms=10.342 post_ms=1.766 total_ms=31.849 fps_avg=32.879 det=1
vision_progress frame=12630 capture_ms=11.148 gpu_ms=10.199 post_ms=1.724 total_ms=32.003 fps_avg=33.062 det=1
vision_progress frame=12660 capture_ms=14.798 gpu_ms=10.231 post_ms=1.792 total_ms=35.432 fps_avg=32.861 det=1
vision_progress frame=12690 capture_ms=15.205 gpu_ms=10.221 post_ms=1.766 total_ms=35.830 fps_avg=33.020 det=1
vision_progress frame=12720 capture_ms=11.215 gpu_ms=10.137 post_ms=1.749 total_ms=31.706 fps_avg=32.978 det=1
vision_progress frame=12750 capture_ms=11.161 gpu_ms=10.252 post_ms=1.759 total_ms=31.994 fps_avg=33.045 det=1
vision_progress frame=12780 capture_ms=14.669 gpu_ms=10.469 post_ms=1.715 total_ms=35.602 fps_avg=32.919 det=1
vision_progress frame=12810 capture_ms=14.608 gpu_ms=10.161 post_ms=1.749 total_ms=35.688 fps_avg=33.052 det=1
vision_progress frame=12840 capture_ms=11.182 gpu_ms=10.137 post_ms=1.698 total_ms=31.940 fps_avg=33.081 det=1
